================================================================
 Sprint 13 端到端集成测试报告 — 用户全生命周期
 生成时间: 2026-08-13T14:40:49.626Z
 测试账号: 19932047569 (user_id=99607)
 数据库  : 本地 MySQL（真实落库，无 mock）
================================================================
[01] +  833ms  注册成功
        · user_id: 99607
        · phone: 19932047569
        · role: user
        · status: 1
[01] +  905ms  初始会员状态
        · level: free
        · 月生成上限: 30
[02] +  948ms  充值积分
        · 充值: 5000
        · 余额: 5000
[03] + 1076ms  创建会员订单(basic/月付/积分)
        · order_no: MO20260813224048B0A1AE
        · order_type: new
        · 应付金额元: 29
        · 需积分: 2900
        · breakdown: {"basePrice":29,"credit":0,"amount":29}
[04] + 1378ms  支付成功并开通会员
        · 会员等级: basic
        · 扣减积分: 2900
        · 剩余积分: 2100
        · 到期时间: 2026-09-12T14:40:48.000Z
        · 月生成上限: 300
[04] + 1416ms  回调幂等校验通过
        · 重复支付: 不二次扣费
        · 余额不变: 2100
[05] + 1509ms  已生成内容(批量计数至上限-2)
        · used: 298
        · limit: 300
        · remaining: 2
[05] + 1752ms  再生成2次(校验+原子占用)
        · g1_used: 299
        · g2_used: 300
        · remaining: 0
[06] + 1975ms  触发配额限制(第301次被拒绝)
        · blocked: true
        · code: QUOTA_EXCEEDED
        · message: 本月 AI 生成次数已达上限（300 次），请升级会员或次月再试
        · used: 300
        · limit: 300
[07] + 2055ms  降级 free 后配额复核
        · level: free
        · 新上限: 30
        · 已用: 300
        · allowed: false
[99] + 2055ms  端到端流程全部通过
        · 总耗时ms: 2055
================================================================